% NUPACK 3.2.0
% Program: design
% Start time: Mon Mar  6 23:42:25 2017
% Command: complexdesign -T 23 -material dna -pairs -loadseed -prevent input/hcr-design.prevent input/hcr-design %
% Structure: ((((((((((((((((((((((((+((((((((((((((((((((((((........................+))))))))))))))))))))))))))))))))))))))))))))))))
% v(pi): 1
% Parameters: DNA, 1998
% Dangles setting: 1
% Temperature (C): 23.0
% Sodium concentration: 1.0000 M
% Magnesium concentration: 0.0000 M
% Init mode: RANDOM
% M_UNFAVORABLE: 4.000000
% M_REOPT: 10
% M_LEAFOPT: 3
% f_STOP: 0.010000
% Minimum split helix: 6
% Minimum leaf size: 20
% Design mode: N
%
% Elapsed time: 3.324572
% Root evaluation time: 0.149901
%
% CG fraction: 0.575000
% Pattern violations: 0
% Target free energy: -84.742288
% Ensemble free energy: -84.990521
%
% Leaf sum: 0.899676
% MFE defect: 0.000000
% Probability: 0.655861
% Ensemble defect: 0.894063
CTTTCAACCACCACAATCACCAAC+GCCTGGTCGACGCGAACCAGACCGCACCTCAACCTCCATCCTACCACT+CGGTCTGGTTCGCGTCGACCAGGCGTTGGTGATTGTGGTGGTTGAAAG
